// Jest Snapshot v1, https://goo.gl/fbAQLP

exports[`ThemeToggle Element should render without issues 1`] = `
<Styled(View)>
  <Button
    active={false}
    label="Light"
    onPress={[Function]}
  />
  <Button
    active={true}
    label="Dark"
    onPress={[Function]}
  />
</Styled(View)>
`;
