// Jest Snapshot v1, https://goo.gl/fbAQLP

exports[`Header Element should render without issues 1`] = `
<Styled(View)
  testID="headerContainer"
>
  <Styled(View)>
    <SunIcon />
    <Styled(Text)>
      WeatherApp
    </Styled(Text)>
  </Styled(View)>
</Styled(View)>
`;
