// Jest Snapshot v1, https://goo.gl/fbAQLP

exports[`SunIcon Element should render without issues 1`] = `
<Styled(View)>
  <Styled(Image)
    source={1}
  />
</Styled(View)>
`;
