// Jest Snapshot v1, https://goo.gl/fbAQLP

exports[`Temperature Element should render without issues 1`] = `
<Styled(Text)>
   31ยบ
</Styled(Text)>
`;
